[INFO] Scanning for projects...
[INFO] 
[INFO] ------------------------< tech.vartaai:VartaAI >------------------------
[INFO] Building VartaAI 0.0.1-SNAPSHOT
[INFO]   from pom.xml
[INFO] --------------------------------[ jar ]---------------------------------
[INFO] 
[INFO] >>> spring-boot:3.4.11:run (default-cli) > test-compile @ VartaAI >>>
[INFO] 
[INFO] --- resources:3.3.1:resources (default-resources) @ VartaAI ---
[INFO] Copying 1 resource from src/main/resources to target/classes
[INFO] Copying 0 resource from src/main/resources to target/classes
[INFO] 
[INFO] --- compiler:3.13.0:compile (default-compile) @ VartaAI ---
[INFO] Nothing to compile - all classes are up to date.
[INFO] 
[INFO] --- resources:3.3.1:testResources (default-testResources) @ VartaAI ---
[INFO] skip non existing resourceDirectory /Users/sureshchoudhary/Downloads/VartaAI/src/test/resources
[INFO] 
[INFO] --- compiler:3.13.0:testCompile (default-testCompile) @ VartaAI ---
[INFO] Nothing to compile - all classes are up to date.
[INFO] 
[INFO] <<< spring-boot:3.4.11:run (default-cli) < test-compile @ VartaAI <<<
[INFO] 
[INFO] 
[INFO] --- spring-boot:3.4.11:run (default-cli) @ VartaAI ---
[INFO] Attaching agents: []

  .   ____          _            __ _ _
 /\\ / ___'_ __ _ _(_)_ __  __ _ \ \ \ \
( ( )\___ | '_ | '_| | '_ \/ _` | \ \ \ \
 \\/  ___)| |_)| | | | | || (_| |  ) ) ) )
  '  |____| .__|_| |_|_| |_\__, | / / / /
 =========|_|==============|___/=/_/_/_/

 :: Spring Boot ::               (v3.4.11)

2025-10-28T19:39:57.483+05:30  INFO 67236 --- [whatsapp-crm] [           main] t.vartaai.VartaAI.VartaAiApplication     : Starting VartaAiApplication using Java 17.0.15 with PID 67236 (/Users/sureshchoudhary/Downloads/VartaAI/target/classes started by sureshchoudhary in /Users/sureshchoudhary/Downloads/VartaAI)
2025-10-28T19:39:57.485+05:30  INFO 67236 --- [whatsapp-crm] [           main] t.vartaai.VartaAI.VartaAiApplication     : The following 1 profile is active: "local"
2025-10-28T19:39:57.892+05:30  INFO 67236 --- [whatsapp-crm] [           main] .s.d.r.c.RepositoryConfigurationDelegate : Bootstrapping Spring Data JPA repositories in DEFAULT mode.
2025-10-28T19:39:57.974+05:30  INFO 67236 --- [whatsapp-crm] [           main] .s.d.r.c.RepositoryConfigurationDelegate : Finished Spring Data repository scanning in 76 ms. Found 6 JPA repository interfaces.
2025-10-28T19:39:58.595+05:30  INFO 67236 --- [whatsapp-crm] [           main] o.s.b.w.embedded.tomcat.TomcatWebServer  : Tomcat initialized with port 8080 (http)
2025-10-28T19:39:58.600+05:30  INFO 67236 --- [whatsapp-crm] [           main] o.apache.catalina.core.StandardService   : Starting service [Tomcat]
2025-10-28T19:39:58.600+05:30  INFO 67236 --- [whatsapp-crm] [           main] o.apache.catalina.core.StandardEngine    : Starting Servlet engine: [Apache Tomcat/10.1.48]
2025-10-28T19:39:58.628+05:30  INFO 67236 --- [whatsapp-crm] [           main] o.a.c.c.C.[Tomcat].[localhost].[/]       : Initializing Spring embedded WebApplicationContext
2025-10-28T19:39:58.628+05:30  INFO 67236 --- [whatsapp-crm] [           main] w.s.c.ServletWebServerApplicationContext : Root WebApplicationContext: initialization completed in 1116 ms
2025-10-28T19:39:58.769+05:30  INFO 67236 --- [whatsapp-crm] [           main] o.hibernate.jpa.internal.util.LogHelper  : HHH000204: Processing PersistenceUnitInfo [name: default]
2025-10-28T19:39:58.800+05:30  INFO 67236 --- [whatsapp-crm] [           main] org.hibernate.Version                    : HHH000412: Hibernate ORM core version 6.6.33.Final
2025-10-28T19:39:58.816+05:30  INFO 67236 --- [whatsapp-crm] [           main] o.h.c.internal.RegionFactoryInitiator    : HHH000026: Second-level cache disabled
2025-10-28T19:39:58.866+05:30  INFO 67236 --- [whatsapp-crm] [           main] com.zaxxer.hikari.HikariDataSource       : HikariPool-1 - Starting...
2025-10-28T19:40:00.726+05:30  INFO 67236 --- [whatsapp-crm] [           main] com.zaxxer.hikari.pool.HikariPool        : HikariPool-1 - Added connection org.postgresql.jdbc.PgConnection@6cbbfe29
2025-10-28T19:40:00.727+05:30  INFO 67236 --- [whatsapp-crm] [           main] com.zaxxer.hikari.HikariDataSource       : HikariPool-1 - Start completed.
2025-10-28T19:40:01.608+05:30  INFO 67236 --- [whatsapp-crm] [           main] org.hibernate.orm.connections.pooling    : HHH10001005: Database info:
	Database JDBC URL [Connecting through datasource 'HikariDataSource (HikariPool-1)']
	Database driver: undefined/unknown
	Database version: 17.5
	Autocommit mode: undefined/unknown
	Isolation level: undefined/unknown
	Minimum pool size: undefined/unknown
	Maximum pool size: undefined/unknown
2025-10-28T19:40:01.714+05:30  INFO 67236 --- [whatsapp-crm] [           main] o.s.o.j.p.SpringPersistenceUnitInfo      : No LoadTimeWeaver setup: ignoring JPA class transformer
2025-10-28T19:40:02.132+05:30  INFO 67236 --- [whatsapp-crm] [           main] o.h.e.t.j.p.i.JtaPlatformInitiator       : HHH000489: No JTA platform available (set 'hibernate.transaction.jta.platform' to enable JTA platform integration)
2025-10-28T19:40:04.114+05:30  INFO 67236 --- [whatsapp-crm] [           main] j.LocalContainerEntityManagerFactoryBean : Initialized JPA EntityManagerFactory for persistence unit 'default'
2025-10-28T19:40:04.304+05:30  WARN 67236 --- [whatsapp-crm] [           main] ConfigServletWebServerApplicationContext : Exception encountered during context initialization - cancelling refresh attempt: org.springframework.beans.factory.UnsatisfiedDependencyException: Error creating bean with name 'campaignController' defined in file [/Users/sureshchoudhary/Downloads/VartaAI/target/classes/tech/vartaai/whatsappcrm/controller/CampaignController.class]: Unsatisfied dependency expressed through constructor parameter 0: Error creating bean with name 'campaignService' defined in file [/Users/sureshchoudhary/Downloads/VartaAI/target/classes/tech/vartaai/whatsappcrm/service/CampaignService.class]: Unsatisfied dependency expressed through constructor parameter 1: No qualifying bean of type 'tech.vartaai.whatsappcrm.util.CsvParser' available: expected at least 1 bean which qualifies as autowire candidate. Dependency annotations: {}
2025-10-28T19:40:04.304+05:30  INFO 67236 --- [whatsapp-crm] [           main] j.LocalContainerEntityManagerFactoryBean : Closing JPA EntityManagerFactory for persistence unit 'default'
2025-10-28T19:40:04.305+05:30  INFO 67236 --- [whatsapp-crm] [           main] com.zaxxer.hikari.HikariDataSource       : HikariPool-1 - Shutdown initiated...
2025-10-28T19:40:05.133+05:30  INFO 67236 --- [whatsapp-crm] [           main] com.zaxxer.hikari.HikariDataSource       : HikariPool-1 - Shutdown completed.
2025-10-28T19:40:05.137+05:30  INFO 67236 --- [whatsapp-crm] [           main] o.apache.catalina.core.StandardService   : Stopping service [Tomcat]
2025-10-28T19:40:05.161+05:30  INFO 67236 --- [whatsapp-crm] [           main] .s.b.a.l.ConditionEvaluationReportLogger : 

Error starting ApplicationContext. To display the condition evaluation report re-run your application with 'debug' enabled.
2025-10-28T19:40:05.177+05:30 ERROR 67236 --- [whatsapp-crm] [           main] o.s.b.d.LoggingFailureAnalysisReporter   : 

***************************
APPLICATION FAILED TO START
***************************

Description:

Parameter 1 of constructor in tech.vartaai.whatsappcrm.service.CampaignService required a bean of type 'tech.vartaai.whatsappcrm.util.CsvParser' that could not be found.


Action:

Consider defining a bean of type 'tech.vartaai.whatsappcrm.util.CsvParser' in your configuration.

[INFO] ------------------------------------------------------------------------
[INFO] BUILD FAILURE
[INFO] ------------------------------------------------------------------------
[INFO] Total time:  9.113 s
[INFO] Finished at: 2025-10-28T19:40:05+05:30
[INFO] ------------------------------------------------------------------------
[ERROR] Failed to execute goal org.springframework.boot:spring-boot-maven-plugin:3.4.11:run (default-cli) on project VartaAI: Process terminated with exit code: 1 -> [Help 1]
[ERROR] 
[ERROR] To see the full stack trace of the errors, re-run Maven with the -e switch.
[ERROR] Re-run Maven using the -X switch to enable full debug logging.
[ERROR] 
[ERROR] For more information about the errors and possible solutions, please read the following articles:
[ERROR] [Help 1] http://cwiki.apache.org/confluence/display/MAVEN/MojoExecutionException
